START  web  started 08:26:06Z
PULLED web  exit=0  finished 09:07:02Z
    arm          n  semantic   exact  cycles  tools  med_rt    cost$  blank
    -----------------------------------------------------------------------
    web         20      n/a   30.0%    26.2   25.2     199    1.002      0
    ideal                       --- no results yet ---
    standard                    --- no results yet ---
    naive                       --- no results yet ---
    
      NOTE: no semantic-audited CSVs found — showing exact_match only.
      Run the semantic-eval-auditor pass to populate semantic_match.
    
    --- web arm specifics ---
      search_web   : 202
      download     : 81
      execute_code : 173
      bypass       : {'urlopen': 3, 'requests.get': 4}
START  ideal  started 09:07:02Z
ssh: connect to host 52.186.168.61 port 22: Network is unreachable
ssh: connect to host 52.186.168.61 port 22: Network is unreachable
ssh: connect to host 52.186.168.61 port 22: Network is unreachable
PULLED ideal  exit=0  finished 09:40:16Z
    arm          n  semantic   exact  cycles  tools  med_rt    cost$  blank
    -----------------------------------------------------------------------
    web         20      n/a   30.0%    26.2   25.2     199    1.002      0
    ideal       20      n/a   45.0%    22.2   21.8     124    0.601      0
    standard    20      n/a   45.0%    29.2   28.2     142    0.937      0
    naive       20      n/a   45.0%    27.8   26.8     131    0.827      0
    
      NOTE: no semantic-audited CSVs found — showing exact_match only.
      Run the semantic-eval-auditor pass to populate semantic_match.
    
    --- web arm specifics ---
      search_web   : 202
      download     : 81
      execute_code : 173
      bypass       : {'urlopen': 3, 'requests.get': 4}
DONE  all arms complete, final pull ok
    arm          n  semantic   exact  cycles  tools  med_rt    cost$  blank
    -----------------------------------------------------------------------
    web         20      n/a   30.0%    26.2   25.2     199    1.002      0
    ideal       20      n/a   45.0%    22.2   21.8     124    0.601      0
    standard    20      n/a   45.0%    29.2   28.2     142    0.937      0
    naive       20      n/a   45.0%    27.8   26.8     131    0.827      0
    
      NOTE: no semantic-audited CSVs found — showing exact_match only.
      Run the semantic-eval-auditor pass to populate semantic_match.
    
    --- web arm specifics ---
      search_web   : 202
      download     : 81
      execute_code : 173
      bypass       : {'urlopen': 3, 'requests.get': 4}
